
Allocating common symbols
Common symbol       size              file

SET_TEST_MODE       0x4               ..\obj\usbd_core.o
USB_OTG_dev         0x5f4             ..\obj\usbd_usr.o
acc_x               0x4               ..\obj\main.o
mult                0x4               ..\obj\tm_stm32f4_delay.o
USBD_StrDesc        0x40              ..\obj\usbd_req.o

Discarded input sections

 .text          0x00000000        0x0 ..\obj\stm32f4xx_syscfg.o
 .data          0x00000000        0x0 ..\obj\stm32f4xx_syscfg.o
 .bss           0x00000000        0x0 ..\obj\stm32f4xx_syscfg.o
 .text.SYSCFG_DeInit
                0x00000000       0x1c ..\obj\stm32f4xx_syscfg.o
 .text.SYSCFG_MemoryRemapConfig
                0x00000000       0x20 ..\obj\stm32f4xx_syscfg.o
 .text.SYSCFG_MemorySwappingBank
                0x00000000       0x20 ..\obj\stm32f4xx_syscfg.o
 .text.SYSCFG_EXTILineConfig
                0x00000000       0x84 ..\obj\stm32f4xx_syscfg.o
 .text.SYSCFG_ETH_MediaInterfaceConfig
                0x00000000       0x1c ..\obj\stm32f4xx_syscfg.o
 .text.SYSCFG_CompensationCellCmd
                0x00000000       0x20 ..\obj\stm32f4xx_syscfg.o
 .text.SYSCFG_GetCompensationCellStatus
                0x00000000       0x30 ..\obj\stm32f4xx_syscfg.o
 .debug_info    0x00000000      0x298 ..\obj\stm32f4xx_syscfg.o
 .debug_abbrev  0x00000000      0x133 ..\obj\stm32f4xx_syscfg.o
 .debug_aranges
                0x00000000       0x50 ..\obj\stm32f4xx_syscfg.o
 .debug_ranges  0x00000000       0x40 ..\obj\stm32f4xx_syscfg.o
 .debug_line    0x00000000      0x231 ..\obj\stm32f4xx_syscfg.o
 .debug_str     0x00000000      0x30a ..\obj\stm32f4xx_syscfg.o
 .comment       0x00000000       0x6f ..\obj\stm32f4xx_syscfg.o
 .debug_frame   0x00000000      0x11c ..\obj\stm32f4xx_syscfg.o
 .ARM.attributes
                0x00000000       0x33 ..\obj\stm32f4xx_syscfg.o
 .text          0x00000000        0x0 ..\obj\usb_core.o
 .data          0x00000000        0x0 ..\obj\usb_core.o
 .bss           0x00000000        0x0 ..\obj\usb_core.o
 .text.USB_OTG_IsHostMode
                0x00000000       0x24 ..\obj\usb_core.o
 .text.USB_OTG_ReadOtgItr
                0x00000000       0x18 ..\obj\usb_core.o
 .text.USB_OTG_ActiveRemoteWakeup
                0x00000000       0x90 ..\obj\usb_core.o
 .text.USB_OTG_StopDevice
                0x00000000       0x80 ..\obj\usb_core.o
 .text.USB_OTG_GetEPStatus
                0x00000000       0xac ..\obj\usb_core.o
 .text.USB_OTG_SetEPStatus
                0x00000000      0x12c ..\obj\usb_core.o
 .text          0x00000000        0x0 ..\obj\stm32f4xx_sdio.o
 .data          0x00000000        0x0 ..\obj\stm32f4xx_sdio.o
 .bss           0x00000000        0x0 ..\obj\stm32f4xx_sdio.o
 .text.SDIO_DeInit
                0x00000000       0x1c ..\obj\stm32f4xx_sdio.o
 .text.SDIO_Init
                0x00000000       0x5c ..\obj\stm32f4xx_sdio.o
 .text.SDIO_StructInit
                0x00000000       0x38 ..\obj\stm32f4xx_sdio.o
 .text.SDIO_ClockCmd
                0x00000000       0x20 ..\obj\stm32f4xx_sdio.o
 .text.SDIO_SetPowerState
                0x00000000       0x1c ..\obj\stm32f4xx_sdio.o
 .text.SDIO_GetPowerState
                0x00000000       0x18 ..\obj\stm32f4xx_sdio.o
 .text.SDIO_SendCommand
                0x00000000       0x58 ..\obj\stm32f4xx_sdio.o
 .text.SDIO_CmdStructInit
                0x00000000       0x30 ..\obj\stm32f4xx_sdio.o
 .text.SDIO_GetCommandResponse
                0x00000000       0x18 ..\obj\stm32f4xx_sdio.o
 .text.SDIO_GetResponse
                0x00000000       0x28 ..\obj\stm32f4xx_sdio.o
 .text.SDIO_DataConfig
                0x00000000       0x5c ..\obj\stm32f4xx_sdio.o
 .text.SDIO_DataStructInit
                0x00000000       0x38 ..\obj\stm32f4xx_sdio.o
 .text.SDIO_GetDataCounter
                0x00000000       0x14 ..\obj\stm32f4xx_sdio.o
 .text.SDIO_ReadData
                0x00000000       0x18 ..\obj\stm32f4xx_sdio.o
 .text.SDIO_WriteData
                0x00000000       0x20 ..\obj\stm32f4xx_sdio.o
 .text.SDIO_GetFIFOCount
                0x00000000       0x14 ..\obj\stm32f4xx_sdio.o
 .text.SDIO_StartSDIOReadWait
                0x00000000       0x20 ..\obj\stm32f4xx_sdio.o
 .text.SDIO_StopSDIOReadWait
                0x00000000       0x20 ..\obj\stm32f4xx_sdio.o
 .text.SDIO_SetSDIOReadWaitMode
                0x00000000       0x1c ..\obj\stm32f4xx_sdio.o
 .text.SDIO_SetSDIOOperation
                0x00000000       0x20 ..\obj\stm32f4xx_sdio.o
 .text.SDIO_SendSDIOSuspendCmd
                0x00000000       0x20 ..\obj\stm32f4xx_sdio.o
 .text.SDIO_CommandCompletionCmd
                0x00000000       0x20 ..\obj\stm32f4xx_sdio.o
 .text.SDIO_CEATAITCmd
                0x00000000       0x2c ..\obj\stm32f4xx_sdio.o
 .text.SDIO_SendCEATACmd
                0x00000000       0x20 ..\obj\stm32f4xx_sdio.o
 .text.SDIO_DMACmd
                0x00000000       0x20 ..\obj\stm32f4xx_sdio.o
 .text.SDIO_ITConfig
                0x00000000       0x3c ..\obj\stm32f4xx_sdio.o
[...]
Memory Configuration

Name             Origin             Length             Attributes
rom              0x08000000         0x00100000         xr
ram              0x20000000         0x00020000         xrw
ram1             0x10000000         0x00010000         xrw
*default*        0x00000000         0xffffffff

Linker script and memory map

                0x20020000                _eram = 0x20020000

.text           0x08000000     0x49e6
 *(.isr_vector)
 .isr_vector    0x08000000      0x1ac ..\obj\startup_stm32f4xx.o
                0x08000000                g_pfnVectors
 *(.text*)
 .text.USB_OTG_EnableCommonInt
                0x080001ac       0x44 ..\obj\usb_core.o
 .text.USB_OTG_CoreReset
                0x080001f0       0x90 ..\obj\usb_core.o
 .text.USB_OTG_WritePacket
                0x08000280       0x74 ..\obj\usb_core.o
                0x08000280                USB_OTG_WritePacket
 .text.USB_OTG_ReadPacket
                0x080002f4       0x58 ..\obj\usb_core.o
                0x080002f4                USB_OTG_ReadPacket
 .text.USB_OTG_SelectCore
                0x0800034c      0x178 ..\obj\usb_core.o
                0x0800034c                USB_OTG_SelectCore
 .text.USB_OTG_CoreInit
                0x080004c4      0x134 ..\obj\usb_core.o
                0x080004c4                USB_OTG_CoreInit
 .text.USB_OTG_EnableGlobalInt
                0x080005f8       0x34 ..\obj\usb_core.o
                0x080005f8                USB_OTG_EnableGlobalInt
 .text.USB_OTG_DisableGlobalInt
                0x0800062c       0x38 ..\obj\usb_core.o
                0x0800062c                USB_OTG_DisableGlobalInt
 .text.USB_OTG_FlushTxFifo
                0x08000664       0x74 ..\obj\usb_core.o
                0x08000664                USB_OTG_FlushTxFifo
 .text.USB_OTG_FlushRxFifo
                0x080006d8       0x60 ..\obj\usb_core.o
                0x080006d8                USB_OTG_FlushRxFifo
 .text.USB_OTG_SetCurrentMode
                0x08000738       0x60 ..\obj\usb_core.o
                0x08000738                USB_OTG_SetCurrentMode
 .text.USB_OTG_GetMode
                0x08000798       0x1c ..\obj\usb_core.o
                0x08000798                USB_OTG_GetMode
 .text.USB_OTG_IsDeviceMode
                0x080007b4       0x24 ..\obj\usb_core.o
                0x080007b4                USB_OTG_IsDeviceMode
 .text.USB_OTG_ReadCoreItr
                0x080007d8       0x2c ..\obj\usb_core.o
                0x080007d8                USB_OTG_ReadCoreItr
 .text.USB_OTG_InitDevSpeed
                0x08000804       0x38 ..\obj\usb_core.o
                0x08000804                USB_OTG_InitDevSpeed
 .text.USB_OTG_CoreInitDev
                0x0800083c      0x264 ..\obj\usb_core.o
                0x0800083c                USB_OTG_CoreInitDev
 .text.USB_OTG_EnableDevInt
                0x08000aa0       0xa8 ..\obj\usb_core.o
                0x08000aa0                USB_OTG_EnableDevInt
 .text.USB_OTG_GetDeviceSpeed
                0x08000b48       0x48 ..\obj\usb_core.o
                0x08000b48                USB_OTG_GetDeviceSpeed
 .text.USB_OTG_EP0Activate
                0x08000b90       0x74 ..\obj\usb_core.o
                0x08000b90                USB_OTG_EP0Activate
 .text.USB_OTG_EPActivate
                0x08000c04       0xdc ..\obj\usb_core.o
                0x08000c04                USB_OTG_EPActivate
 .text.USB_OTG_EPDeactivate
                0x08000ce0       0x88 ..\obj\usb_core.o
                0x08000ce0                USB_OTG_EPDeactivate
 .text.USB_OTG_EPStartXfer
                0x08000d68      0x280 ..\obj\usb_core.o
                0x08000d68                USB_OTG_EPStartXfer
 .text.USB_OTG_EP0StartXfer
                0x08000fe8      0x1d4 ..\obj\usb_core.o
                0x08000fe8                USB_OTG_EP0StartXfer
 .text.USB_OTG_EPSetStall
                0x080011bc       0x84 ..\obj\usb_core.o
                0x080011bc                USB_OTG_EPSetStall
 .text.USB_OTG_EPClearStall
                0x08001240       0x74 ..\obj\usb_core.o
                0x08001240                USB_OTG_EPClearStall
 .text.USB_OTG_ReadDevAllOutEp_itr
                0x080012b4       0x2c ..\obj\usb_core.o
                0x080012b4                USB_OTG_ReadDevAllOutEp_itr
 .text.USB_OTG_ReadDevOutEP_itr
                0x080012e0       0x34 ..\obj\usb_core.o
                0x080012e0                USB_OTG_ReadDevOutEP_itr
 .text.USB_OTG_ReadDevAllInEPItr
                0x08001314       0x2c ..\obj\usb_core.o
                0x08001314                USB_OTG_ReadDevAllInEPItr
 .text.USB_OTG_EP0_OutStart
                0x08001340       0x70 ..\obj\usb_core.o
                0x08001340                USB_OTG_EP0_OutStart
 .text.USB_OTG_UngateClock
                0x080013b0       0x54 ..\obj\usb_core.o
                0x080013b0                USB_OTG_UngateClock
 .text.TM_USB_HIDDEVICE_Init
                0x08001404       0x3c ..\obj\tm_stm32f4_usb_hid_device.o
                0x08001404                TM_USB_HIDDEVICE_Init
 .text.TM_USB_HIDDEVICE_GetStatus
                0x08001440       0x14 ..\obj\tm_stm32f4_usb_hid_device.o
                0x08001440                TM_USB_HIDDEVICE_GetStatus
 .text.TM_USB_HIDDEVICE_KeyboardStructInit
                0x08001454       0x70 ..\obj\tm_stm32f4_usb_hid_device.o
                0x08001454                TM_USB_HIDDEVICE_KeyboardStructInit
 .text.TM_USB_HIDDEVICE_KeyboardSend
                0x080014c4      0x108 ..\obj\tm_stm32f4_usb_hid_device.o
                0x080014c4                TM_USB_HIDDEVICE_KeyboardSend
 .text.USBD_USR_Init
                0x080015cc       0x18 ..\obj\usbd_usr.o
                0x080015cc                USBD_USR_Init
 .text.USBD_USR_DeviceReset
                0x080015e4       0x20 ..\obj\usbd_usr.o
                0x080015e4                USBD_USR_DeviceReset
 .text.USBD_USR_DeviceConfigured
                0x08001604       0x18 ..\obj\usbd_usr.o
                0x08001604                USBD_USR_DeviceConfigured
 .text.USBD_USR_DeviceConnected
                0x0800161c       0x18 ..\obj\usbd_usr.o
                0x0800161c                USBD_USR_DeviceConnected
 .text.USBD_USR_DeviceDisconnected
                0x08001634       0x18 ..\obj\usbd_usr.o
                0x08001634                USBD_USR_DeviceDisconnected
 .text.USBD_USR_DeviceSuspended
                0x0800164c       0x18 ..\obj\usbd_usr.o
                0x0800164c                USBD_USR_DeviceSuspended
 .text.USBD_USR_DeviceResumed
                0x08001664       0x18 ..\obj\usbd_usr.o
                0x08001664                USBD_USR_DeviceResumed
 .text.TM_DISCO_LedInit
                0x0800167c       0x3c ..\obj\tm_stm32f4_disco.o
                0x0800167c                TM_DISCO_LedInit
 .text.TM_DISCO_ButtonInit
                0x080016b8       0x38 ..\obj\tm_stm32f4_disco.o
                0x080016b8                TM_DISCO_ButtonInit
 .text.Default_Reset_Handler
                0x080016f0       0x5c ..\obj\startup_stm32f4xx.o
                0x080016f0                Default_Reset_Handler
                0x080016f0                Reset_Handler
 .text.Default_Handler
                0x0800174c        0x8 ..\obj\startup_stm32f4xx.o
                0x0800174c                RTC_Alarm_IRQHandler
                0x0800174c                HASH_RNG_IRQHandler
                0x0800174c                EXTI2_IRQHandler
                0x0800174c                TIM8_CC_IRQHandler
                0x0800174c                DebugMon_Handler
                0x0800174c                UART8_IRQHandler
                0x0800174c                SPI4_IRQHandler
                0x0800174c                TIM1_CC_IRQHandler
                0x0800174c                DMA2_Stream5_IRQHandler
                0x0800174c                HardFault_Handler
                0x0800174c                DMA1_Stream5_IRQHandler
                0x0800174c                PVD_IRQHandler
                0x0800174c                SDIO_IRQHandler
                0x0800174c                TAMP_STAMP_IRQHandler
                0x0800174c                PendSV_Handler
                0x0800174c                NMI_Handler
                0x0800174c                CAN2_RX1_IRQHandler
                0x0800174c                EXTI3_IRQHandler
                0x0800174c                TIM8_TRG_COM_TIM14_IRQHandler
                0x0800174c                TIM1_UP_TIM10_IRQHandler
                0x0800174c                TIM8_UP_TIM13_IRQHandler
                0x0800174c                I2C3_ER_IRQHandler
                0x0800174c                EXTI0_IRQHandler
                0x0800174c                I2C2_EV_IRQHandler
                0x0800174c                DMA1_Stream2_IRQHandler
                0x0800174c                CAN1_RX0_IRQHandler
                0x0800174c                FPU_IRQHandler
                0x0800174c                OTG_HS_WKUP_IRQHandler
                0x0800174c                UsageFault_Handler
                0x0800174c                LTDC_ER_IRQHandler
                0x0800174c                CAN2_SCE_IRQHandler
                0x0800174c                DMA2_Stream2_IRQHandler
                0x0800174c                SPI1_IRQHandler
                0x0800174c                TIM6_DAC_IRQHandler
                0x0800174c                TIM1_BRK_TIM9_IRQHandler
                0x0800174c                DCMI_IRQHandler
                0x0800174c                CAN2_RX0_IRQHandler
                0x0800174c                DMA2_Stream3_IRQHandler
                0x0800174c                USART6_IRQHandler
                0x0800174c                USART3_IRQHandler
                0x0800174c                CRYP_IRQHandler
                0x0800174c                CAN1_RX1_IRQHandler
                0x0800174c                UART5_IRQHandler
                0x0800174c                DMA2_Stream0_IRQHandler
                0x0800174c                TIM4_IRQHandler
                0x0800174c                I2C1_EV_IRQHandler
                0x0800174c                DMA1_Stream6_IRQHandler
                0x0800174c                DMA1_Stream1_IRQHandler
                0x0800174c                UART4_IRQHandler
                0x0800174c                TIM3_IRQHandler
                0x0800174c                RCC_IRQHandler
                0x0800174c                TIM8_BRK_TIM12_IRQHandler
                0x0800174c                EXTI15_10_IRQHandler
                0x0800174c                ADC_IRQHandler
                0x0800174c                DMA1_Stream7_IRQHandler
                0x0800174c                SPI5_IRQHandler
                0x0800174c                TIM7_IRQHandler
                0x0800174c                CAN2_TX_IRQHandler
                0x0800174c                TIM5_IRQHandler
                0x0800174c                DMA2_Stream7_IRQHandler
                0x0800174c                I2C3_EV_IRQHandler
                0x0800174c                EXTI9_5_IRQHandler
                0x0800174c                RTC_WKUP_IRQHandler
                0x0800174c                LTDC_IRQHandler
                0x0800174c                ETH_WKUP_IRQHandler
                0x0800174c                SPI2_IRQHandler
                0x0800174c                OTG_HS_EP1_IN_IRQHandler
                0x0800174c                MemManage_Handler
                0x0800174c                DMA1_Stream0_IRQHandler
                0x0800174c                CAN1_TX_IRQHandler
                0x0800174c                SVC_Handler
                0x0800174c                EXTI4_IRQHandler
                0x0800174c                ETH_IRQHandler
                0x0800174c                OTG_HS_EP1_OUT_IRQHandler
                0x0800174c                WWDG_IRQHandler
                0x0800174c                SPI6_IRQHandler
                0x0800174c                TIM2_IRQHandler
                0x0800174c                TIM1_TRG_COM_TIM11_IRQHandler
                0x0800174c                OTG_HS_IRQHandler
                0x0800174c                DMA2D_IRQHandler
                0x0800174c                EXTI1_IRQHandler
                0x0800174c                UART7_IRQHandler
                0x0800174c                USART2_IRQHandler
                0x0800174c                I2C2_ER_IRQHandler
                0x0800174c                DMA2_Stream1_IRQHandler
                0x0800174c                CAN1_SCE_IRQHandler
                0x0800174c                FLASH_IRQHandler
                0x0800174c                DMA2_Stream4_IRQHandler
                0x0800174c                BusFault_Handler
                0x0800174c                USART1_IRQHandler
                0x0800174c                SPI3_IRQHandler
                0x0800174c                DMA1_Stream4_IRQHandler
                0x0800174c                I2C1_ER_IRQHandler
                0x0800174c                FMC_IRQHandler
                0x0800174c                DMA2_Stream6_IRQHandler
                0x0800174c                SAI1_IRQHandler
                0x0800174c                DMA1_Stream3_IRQHandler
 .text.USBD_HID_Init
                0x08001754       0x30 ..\obj\usbd_hid_core.o
 .text.USBD_HID_DeInit
                0x08001784       0x28 ..\obj\usbd_hid_core.o
 .text.USBD_HID_Setup
                0x080017ac      0x134 ..\obj\usbd_hid_core.o
 .text.USBD_HID_SendReport
                0x080018e0       0x30 ..\obj\usbd_hid_core.o
                0x080018e0                USBD_HID_SendReport
 .text.USBD_HID_GetCfgDesc
                0x08001910       0x24 ..\obj\usbd_hid_core.o
 .text.USBD_HID_DataIn
                0x08001934       0x20 ..\obj\usbd_hid_core.o
 .text.USBD_Init
                0x08001954       0x58 ..\obj\usbd_core.o
                0x08001954                USBD_Init
 .text.USBD_DeInit
                0x080019ac       0x14 ..\obj\usbd_core.o
                0x080019ac                USBD_DeInit
 .text.USBD_SetupStage
                0x080019c0       0x6c ..\obj\usbd_core.o
 .text.USBD_DataOutStage
                0x08001a2c       0xcc ..\obj\usbd_core.o
 .text.USBD_DataInStage
                0x08001af8      0x11c ..\obj\usbd_core.o
 .text.USBD_RunTestMode
                0x08001c14       0x24 ..\obj\usbd_core.o
 .text.USBD_Reset
                0x08001c38       0x44 ..\obj\usbd_core.o
 .text.USBD_Resume
                0x08001c7c       0x30 ..\obj\usbd_core.o
 .text.USBD_Suspend
                0x08001cac       0x30 ..\obj\usbd_core.o
 .text.USBD_SOF
                0x08001cdc       0x2c ..\obj\usbd_core.o
 .text.USBD_SetCfg
                0x08001d08       0x30 ..\obj\usbd_core.o
                0x08001d08                USBD_SetCfg
 .text.USBD_ClrCfg
                0x08001d38       0x28 ..\obj\usbd_core.o
                0x08001d38                USBD_ClrCfg
 .text.USBD_IsoINIncomplete
                0x08001d60       0x20 ..\obj\usbd_core.o
 .text.USBD_IsoOUTIncomplete
                0x08001d80       0x20 ..\obj\usbd_core.o
 .text.USBD_DevConnected
                0x08001da0       0x24 ..\obj\usbd_core.o
 .text.USBD_DevDisconnected
                0x08001dc4       0x34 ..\obj\usbd_core.o
 .text.akcelerometr
                0x08001df8       0x2c ..\obj\main.o
                0x08001df8                akcelerometr
 .text.main     0x08001e24       0xb4 ..\obj\main.o
                0x08001e24                main
 .text.RCC_HSEConfig
                0x08001ed8       0x24 ..\obj\stm32f4xx_rcc.o
                0x08001ed8                RCC_HSEConfig
 .text.RCC_WaitForHSEStartUp
                0x08001efc       0x50 ..\obj\stm32f4xx_rcc.o
                0x08001efc                RCC_WaitForHSEStartUp
 .text.RCC_PLLCmd
                0x08001f4c       0x20 ..\obj\stm32f4xx_rcc.o
                0x08001f4c                RCC_PLLCmd
 .text.RCC_SYSCLKConfig
                0x08001f6c       0x38 ..\obj\stm32f4xx_rcc.o
                0x08001f6c                RCC_SYSCLKConfig
 .text.RCC_GetSYSCLKSource
                0x08001fa4       0x1c ..\obj\stm32f4xx_rcc.o
                0x08001fa4                RCC_GetSYSCLKSource
 .text.RCC_AHB1PeriphClockCmd
                0x08001fc0       0x3c ..\obj\stm32f4xx_rcc.o
                0x08001fc0                RCC_AHB1PeriphClockCmd
 .text.RCC_AHB2PeriphClockCmd
                0x08001ffc       0x3c ..\obj\stm32f4xx_rcc.o
                0x08001ffc                RCC_AHB2PeriphClockCmd
 .text.RCC_APB2PeriphClockCmd
                0x08002038       0x3c ..\obj\stm32f4xx_rcc.o
                0x08002038                RCC_APB2PeriphClockCmd
 .text.RCC_APB1PeriphResetCmd
                0x08002074       0x3c ..\obj\stm32f4xx_rcc.o
                0x08002074                RCC_APB1PeriphResetCmd
 .text.RCC_APB2PeriphResetCmd
                0x080020b0       0x3c ..\obj\stm32f4xx_rcc.o
                0x080020b0                RCC_APB2PeriphResetCmd
 .text.RCC_GetFlagStatus
                0x080020ec       0x74 ..\obj\stm32f4xx_rcc.o
                0x080020ec                RCC_GetFlagStatus
 .text.NVIC_SetPriority
                0x08002160       0x54 ..\obj\tm_stm32f4_delay.o
 .text.SysTick_Config
                0x080021b4       0x44 ..\obj\tm_stm32f4_delay.o
 .text.SysTick_Handler
                0x080021f8       0x30 ..\obj\tm_stm32f4_delay.o
                0x080021f8                SysTick_Handler
 .text.TM_DELAY_Init
                0x08002228       0x6c ..\obj\tm_stm32f4_delay.o
                0x08002228                TM_DELAY_Init
 .text.USBD_USR_DeviceDescriptor
                0x08002294       0x24 ..\obj\usbd_desc.o
                0x08002294                USBD_USR_DeviceDescriptor
 .text.USBD_USR_LangIDStrDescriptor
                0x080022b8       0x24 ..\obj\usbd_desc.o
                0x080022b8                USBD_USR_LangIDStrDescriptor
 .text.USBD_USR_ProductStrDescriptor
                0x080022dc       0x40 ..\obj\usbd_desc.o
                0x080022dc                USBD_USR_ProductStrDescriptor
 .text.USBD_USR_ManufacturerStrDescriptor
                0x0800231c       0x28 ..\obj\usbd_desc.o
                0x0800231c                USBD_USR_ManufacturerStrDescriptor
 .text.USBD_USR_SerialStrDescriptor
                0x08002344       0x40 ..\obj\usbd_desc.o
                0x08002344                USBD_USR_SerialStrDescriptor
 .text.USBD_USR_ConfigStrDescriptor
                0x08002384       0x3c ..\obj\usbd_desc.o
                0x08002384                USBD_USR_ConfigStrDescriptor
 .text.USBD_USR_InterfaceStrDescriptor
                0x080023c0       0x3c ..\obj\usbd_desc.o
                0x080023c0                USBD_USR_InterfaceStrDescriptor
 .text.GPIO_Init
                0x080023fc      0x11c ..\obj\stm32f4xx_gpio.o
                0x080023fc                GPIO_Init
 .text.GPIO_SetBits
                0x08002518       0x1c ..\obj\stm32f4xx_gpio.o
                0x08002518                GPIO_SetBits
 .text.GPIO_ResetBits
                0x08002534       0x1c ..\obj\stm32f4xx_gpio.o
                0x08002534                GPIO_ResetBits
 .text.GPIO_PinAFConfig
                0x08002550       0x90 ..\obj\stm32f4xx_gpio.o
                0x08002550                GPIO_PinAFConfig
 .text.SystemInit
                0x080025e0       0x5c ..\obj\system_stm32f4xx.o
                0x080025e0                SystemInit
 .text.SetSysClock
                0x0800263c       0xf4 ..\obj\system_stm32f4xx.o
 .text.USB_OTG_BSP_Init
                0x08002730      0x108 ..\obj\usb_bsp.o
                0x08002730                USB_OTG_BSP_Init
 .text.USB_OTG_BSP_EnableInterrupt
                0x08002838       0x34 ..\obj\usb_bsp.o
                0x08002838                USB_OTG_BSP_EnableInterrupt
 .text.USB_OTG_BSP_uDelay
                0x0800286c       0x48 ..\obj\usb_bsp.o
                0x0800286c                USB_OTG_BSP_uDelay
 .text.USB_OTG_BSP_mDelay
                0x080028b4       0x20 ..\obj\usb_bsp.o
                0x080028b4                USB_OTG_BSP_mDelay
 .text.OTG_FS_WKUP_IRQHandler
                0x080028d4       0x6c ..\obj\usb_bsp.o
                0x080028d4                OTG_FS_WKUP_IRQHandler
 .text.OTG_FS_IRQHandler
                0x08002940       0x14 ..\obj\usb_bsp.o
                0x08002940                OTG_FS_IRQHandler
 .text.USBD_StdDevReq
                0x08002954       0xa0 ..\obj\usbd_req.o
                0x08002954                USBD_StdDevReq
 .text.USBD_StdItfReq
                0x080029f4       0x68 ..\obj\usbd_req.o
                0x080029f4                USBD_StdItfReq
 .text.USBD_StdEPReq
                0x08002a5c      0x1b0 ..\obj\usbd_req.o
                0x08002a5c                USBD_StdEPReq
 .text.USBD_GetDescriptor
                0x08002c0c      0x1a8 ..\obj\usbd_req.o
 .text.USBD_SetAddress
                0x08002db4       0x7c ..\obj\usbd_req.o
 .text.USBD_SetConfig
                0x08002e30       0xf4 ..\obj\usbd_req.o
 .text.USBD_GetConfig
                0x08002f24       0x60 ..\obj\usbd_req.o
 .text.USBD_GetStatus
                0x08002f84       0x54 ..\obj\usbd_req.o
 .text.USBD_SetFeature
                0x08002fd8       0xd8 ..\obj\usbd_req.o
 .text.USBD_ClrFeature
                0x080030b0       0x50 ..\obj\usbd_req.o
 .text.USBD_ParseSetupRequest
                0x08003100       0x90 ..\obj\usbd_req.o
                0x08003100                USBD_ParseSetupRequest
 .text.USBD_CtlError
                0x08003190       0x28 ..\obj\usbd_req.o
                0x08003190                USBD_CtlError
 .text.USBD_GetString
                0x080031b8       0x88 ..\obj\usbd_req.o
                0x080031b8                USBD_GetString
 .text.USBD_GetLen
                0x08003240       0x30 ..\obj\usbd_req.o
 .text.USBD_OTG_ISR_Handler
                0x08003270      0x190 ..\obj\usb_dcd_int.o
                0x08003270                USBD_OTG_ISR_Handler
 .text.DCD_SessionRequest_ISR
                0x08003400       0x34 ..\obj\usb_dcd_int.o
 .text.DCD_OTG_ISR
                0x08003434       0x3c ..\obj\usb_dcd_int.o
 .text.DCD_HandleResume_ISR
                0x08003470       0x80 ..\obj\usb_dcd_int.o
 .text.DCD_HandleUSBSuspend_ISR
                0x080034f0       0xbc ..\obj\usb_dcd_int.o
 .text.DCD_HandleInEP_ISR
                0x080035ac      0x19c ..\obj\usb_dcd_int.o
 .text.DCD_HandleOutEP_ISR
                0x08003748      0x150 ..\obj\usb_dcd_int.o
 .text.DCD_HandleSof_ISR
                0x08003898       0x34 ..\obj\usb_dcd_int.o
 .text.DCD_HandleRxStatusQueueLevel_ISR
                0x080038cc      0x104 ..\obj\usb_dcd_int.o
 .text.DCD_WriteEmptyTxFifo
                0x080039d0       0xe4 ..\obj\usb_dcd_int.o
 .text.DCD_HandleUsbReset_ISR
                0x08003ab4      0x120 ..\obj\usb_dcd_int.o
 .text.DCD_HandleEnumDone_ISR
                0x08003bd4       0x78 ..\obj\usb_dcd_int.o
 .text.DCD_IsoINIncomplete_ISR
                0x08003c4c       0x34 ..\obj\usb_dcd_int.o
 .text.DCD_IsoOUTIncomplete_ISR
                0x08003c80       0x34 ..\obj\usb_dcd_int.o
 .text.DCD_ReadDevInEP
                0x08003cb4       0x50 ..\obj\usb_dcd_int.o
 .text.SPI_I2S_DeInit
                0x08003d04       0xdc ..\obj\stm32f4xx_spi.o
                0x08003d04                SPI_I2S_DeInit
 .text.SPI_Init
                0x08003de0       0x88 ..\obj\stm32f4xx_spi.o
                0x08003de0                SPI_Init
 .text.SPI_Cmd  0x08003e68       0x40 ..\obj\stm32f4xx_spi.o
                0x08003e68                SPI_Cmd
 .text.SPI_I2S_ReceiveData
                0x08003ea8       0x18 ..\obj\stm32f4xx_spi.o
                0x08003ea8                SPI_I2S_ReceiveData
 .text.SPI_I2S_SendData
                0x08003ec0       0x1c ..\obj\stm32f4xx_spi.o
                0x08003ec0                SPI_I2S_SendData
 .text.SPI_I2S_GetFlagStatus
                0x08003edc       0x38 ..\obj\stm32f4xx_spi.o
                0x08003edc                SPI_I2S_GetFlagStatus
 .text.EXTI_Init
                0x08003f14       0xe4 ..\obj\stm32f4xx_exti.o
                0x08003f14                EXTI_Init
 .text.EXTI_ClearITPendingBit
                0x08003ff8       0x1c ..\obj\stm32f4xx_exti.o
                0x08003ff8                EXTI_ClearITPendingBit
 .text.NVIC_PriorityGroupConfig
                0x08004014       0x24 ..\obj\misc.o
                0x08004014                NVIC_PriorityGroupConfig
 .text.NVIC_Init
                0x08004038       0xc0 ..\obj\misc.o
                0x08004038                NVIC_Init
 .text.DCD_Init
                0x080040f8      0x108 ..\obj\usb_dcd.o
                0x080040f8                DCD_Init
 .text.DCD_EP_Open
                0x08004200       0xac ..\obj\usb_dcd.o
                0x08004200                DCD_EP_Open
 .text.DCD_EP_Close
                0x080042ac       0x74 ..\obj\usb_dcd.o
                0x080042ac                DCD_EP_Close
 .text.DCD_EP_PrepareRx
                0x08004320       0x84 ..\obj\usb_dcd.o
                0x08004320                DCD_EP_PrepareRx
 .text.DCD_EP_Tx
                0x080043a4       0x78 ..\obj\usb_dcd.o
                0x080043a4                DCD_EP_Tx
 .text.DCD_EP_Stall
                0x0800441c       0x78 ..\obj\usb_dcd.o
                0x0800441c                DCD_EP_Stall
 .text.DCD_EP_ClrStall
                0x08004494       0x78 ..\obj\usb_dcd.o
                0x08004494                DCD_EP_ClrStall
 .text.DCD_EP_Flush
                0x0800450c       0x34 ..\obj\usb_dcd.o
                0x0800450c                DCD_EP_Flush
 .text.DCD_EP_SetAddress
                0x08004540       0x3c ..\obj\usb_dcd.o
                0x08004540                DCD_EP_SetAddress
 .text.LIS302DL_Init
                0x0800457c       0x4c ..\obj\stm32f4_discovery_lis302dl.o
                0x0800457c                LIS302DL_Init
 .text.LIS302DL_Write
                0x080045c8       0x60 ..\obj\stm32f4_discovery_lis302dl.o
                0x080045c8                LIS302DL_Write
 .text.LIS302DL_Read
                0x08004628       0x70 ..\obj\stm32f4_discovery_lis302dl.o
                0x08004628                LIS302DL_Read
 .text.LIS302DL_LowLevel_Init
                0x08004698      0x138 ..\obj\stm32f4_discovery_lis302dl.o
 .text.LIS302DL_SendByte
                0x080047d0       0x90 ..\obj\stm32f4_discovery_lis302dl.o
 .text.LIS302DL_TIMEOUT_UserCallback
                0x08004860        0x8 ..\obj\stm32f4_discovery_lis302dl.o
                0x08004860                LIS302DL_TIMEOUT_UserCallback
 .text.USBD_CtlSendData
                0x08004868       0x40 ..\obj\usbd_ioreq.o
                0x08004868                USBD_CtlSendData
 .text.USBD_CtlContinueSendData
                0x080048a8       0x28 ..\obj\usbd_ioreq.o
                0x080048a8                USBD_CtlContinueSendData
 .text.USBD_CtlContinueRx
                0x080048d0       0x28 ..\obj\usbd_ioreq.o
                0x080048d0                USBD_CtlContinueRx
 .text.USBD_CtlSendStatus
                0x080048f8       0x30 ..\obj\usbd_ioreq.o
                0x080048f8                USBD_CtlSendStatus
 .text.USBD_CtlReceiveStatus
                0x08004928       0x30 ..\obj\usbd_ioreq.o
                0x08004928                USBD_CtlReceiveStatus
 *(.init)
 *(.fini)
 *crtbegin.o(.ctors)
 *crtbegin?.o(.ctors)
 *(EXCLUDE_FILE(*crtend.o *crtend?.o) .ctors)
 *(SORT(.ctors.*))
 *(.ctors)
 *crtbegin.o(.dtors)
 *crtbegin?.o(.dtors)
 *(EXCLUDE_FILE(*crtend.o *crtend?.o) .dtors)
 *(SORT(.dtors.*))
 *(.dtors)
 *(.rodata*)
 .rodata        0x08004958       0x8e ..\obj\usbd_desc.o
 *(.eh_fram e*)

.glue_7         0x080049e8        0x0
 .glue_7        0x080049e8        0x0 linker stubs

.glue_7t        0x080049e8        0x0
 .glue_7t       0x080049e8        0x0 linker stubs

.vfp11_veneer   0x080049e8        0x0
 .vfp11_veneer  0x080049e8        0x0 linker stubs

.v4_bx          0x080049e8        0x0
 .v4_bx         0x080049e8        0x0 linker stubs

.iplt           0x080049e8        0x0
 .iplt          0x080049e8        0x0 ..\obj\stm32f4xx_syscfg.o

.rel.dyn        0x080049e8        0x0
 .rel.iplt      0x080049e8        0x0 ..\obj\stm32f4xx_syscfg.o

.ARM.extab
 *(.ARM.extab* .gnu.linkonce.armextab.*)
                0x080049e8                __exidx_start = .

.ARM.exidx
 *(.ARM.exidx* .gnu.linkonce.armexidx.*)
                0x080049e8                __exidx_end = .
                0x080049e8                __etext = .
                0x080049e6                _sidata = __etext

.data           0x20000000      0x1bc load address 0x080049e6
                0x20000000                __data_start__ = .
                0x20000000                _sdata = __data_start__
 *(vtable)
 *(.data*)
 .data          0x20000000       0x1c ..\obj\usbd_usr.o
                0x20000000                USR_cb
 .data          0x2000001c      0x115 ..\obj\usbd_hid_core.o
                0x2000001c                USBD_HID_cb
 *fill*         0x20000131        0x3 
 .data          0x20000134       0x30 ..\obj\usbd_core.o
                0x20000134                USBD_DCD_INT_cb
                0x20000160                USBD_DCD_INT_fops
 .data          0x20000164       0x40 ..\obj\usbd_desc.o
                0x20000164                USR_desc
                0x20000180                USBD_DeviceDesc
                0x20000194                USBD_DeviceQualifierDesc
                0x200001a0                USBD_LangIDDesc
 .data          0x200001a4       0x14 ..\obj\system_stm32f4xx.o
                0x200001a4                SystemCoreClock
                0x200001a8                AHBPrescTable
 .data          0x200001b8        0x4 ..\obj\stm32f4_discovery_lis302dl.o
                0x200001b8                LIS302DLTimeout
                0x200001bc                . = ALIGN (0x4)
                [!provide]                PROVIDE (__preinit_array_start, .)
 *(.preinit_array)
                [!provide]                PROVIDE (__preinit_array_end, .)
                0x200001bc                . = ALIGN (0x4)
                [!provide]                PROVIDE (__init_array_start, .)
 *(SORT(.init_array.*))
 *(.init_array)
                [!provide]                PROVIDE (__init_array_end, .)
                0x200001bc                . = ALIGN (0x4)
                [!provide]                PROVIDE (__fini_array_start, .)
 *(SORT(.fini_array.*))
 *(.fini_array)
                [!provide]                PROVIDE (__fini_array_end, .)
 *(.jcr*)
                0x200001bc                . = ALIGN (0x4)
                0x200001bc                __data_end__ = .
                0x200001bc                _edata = __data_end__

.igot.plt       0x200001bc        0x0 load address 0x08004ba4
 .igot.plt      0x200001bc        0x0 ..\obj\stm32f4xx_syscfg.o

.bss            0x200001bc      0x670 load address 0x08004ba4
                0x200001bc                . = ALIGN (0x4)
                0x200001bc                __bss_start__ = .
                0x200001bc                _sbss = __bss_start__
 *(.bss*)
 .bss           0x200001bc        0x1 ..\obj\usbd_usr.o
                0x200001bc                TM_USB_HIDDEVICE_INT_Status
 *fill*         0x200001bd        0x3 
 .bss           0x200001c0        0xc ..\obj\usbd_hid_core.o
 .bss           0x200001cc        0xd ..\obj\tm_stm32f4_delay.o
                0x200001cc                TM_TimingDelay
                0x200001d0                TM_Time
                0x200001d4                TM_Time2
                0x200001d8                TM_DELAY_Initialized
 *fill*         0x200001d9        0x3 
 .bss           0x200001dc        0xd ..\obj\usbd_req.o
                0x200001dc                USBD_ep_status
                0x200001e0                USBD_default_cfg
                0x200001e4                USBD_cfg_status
 *(COMMON)
 *fill*         0x200001e9        0x3 
 COMMON         0x200001ec      0x5f4 ..\obj\usbd_usr.o
                0x200001ec                USB_OTG_dev
 COMMON         0x200007e0        0x4 ..\obj\usbd_core.o
                0x200007e0                SET_TEST_MODE
 COMMON         0x200007e4        0x4 ..\obj\main.o
                0x200007e4                acc_x
 COMMON         0x200007e8        0x4 ..\obj\tm_stm32f4_delay.o
                0x200007e8                mult
 COMMON         0x200007ec       0x40 ..\obj\usbd_req.o
                0x200007ec                USBD_StrDesc
                0x2000082c                . = ALIGN (0x4)
                0x2000082c                __bss_end__ = .
                0x2000082c                _ebss = __bss_end__

.heap           0x2000082c        0x0
                0x2000082c                __end__ = .
                0x2000082c                _end = __end__
                0x2000082c                end = __end__
 *(.heap*)
                0x2000082c                __HeapLimit = .

.co_stack       0x2000082c      0x804 load address 0x08005214
                0x20000830                . = ALIGN (0x8)
 *fill*         0x2000082c        0x4 
 *(.co_stack .co_stack.*)
 .co_stack      0x20000830      0x800 ..\obj\startup_stm32f4xx.o
                0x20000830                pulStack
                0x20020000                __StackTop = (ORIGIN (ram) + LENGTH (ram))
                0x2001f7fc                __StackLimit = (__StackTop - SIZEOF (.co_stack))
                [!provide]                PROVIDE (__stack, __StackTop)
                0x00000001                ASSERT ((__StackLimit >= __HeapLimit), region ram  overflowed with stack)
LOAD ..\obj\stm32f4xx_syscfg.o
LOAD ..\obj\usb_core.o
LOAD ..\obj\stm32f4xx_sdio.o
LOAD ..\obj\tm_stm32f4_usb_hid_device.o
LOAD ..\obj\stm32f4xx_cryp_aes.o
LOAD ..\obj\stm32f4xx_dma2d.o
LOAD ..\obj\stm32f4xx_hash.o
LOAD ..\obj\usbd_usr.o
LOAD ..\obj\stm32f4xx_hash_sha1.o
LOAD ..\obj\stm32f4xx_usart.o
LOAD ..\obj\stm32f4xx_pwr.o
LOAD ..\obj\stm32f4xx_can.o
LOAD ..\obj\stm32f4xx_wwdg.o
LOAD ..\obj\stm32f4xx_hash_md5.o
LOAD ..\obj\stm32f4xx_dac.o
LOAD ..\obj\tm_stm32f4_disco.o
LOAD ..\obj\stm32f4xx_ltdc.o
LOAD ..\obj\startup_stm32f4xx.o
LOAD ..\obj\stm32f4xx_crc.o
LOAD ..\obj\usbd_hid_core.o
LOAD ..\obj\stm32f4xx_iwdg.o
LOAD ..\obj\usbd_core.o
LOAD ..\obj\main.o
LOAD ..\obj\stm32f4xx_rcc.o
LOAD ..\obj\stm32f4xx_adc.o
LOAD ..\obj\stm32f4xx_dcmi.o
LOAD ..\obj\tm_stm32f4_delay.o
LOAD ..\obj\usbd_desc.o
LOAD ..\obj\stm32f4xx_cryp_des.o
LOAD ..\obj\stm32f4xx_cryp.o
LOAD ..\obj\stm32f4xx_gpio.o
LOAD ..\obj\stm32f4xx_flash.o
LOAD ..\obj\stm32f4xx_sai.o
LOAD ..\obj\system_stm32f4xx.o
LOAD ..\obj\stm32f4xx_dma.o
LOAD ..\obj\usb_bsp.o
LOAD ..\obj\stm32f4xx_fmc.o
LOAD ..\obj\usbd_req.o
LOAD ..\obj\usb_dcd_int.o
LOAD ..\obj\stm32f4xx_spi.o
LOAD ..\obj\stm32f4xx_i2c.o
LOAD ..\obj\stm32f4xx_rng.o
LOAD ..\obj\stm32f4xx_exti.o
LOAD ..\obj\misc.o
LOAD ..\obj\usb_dcd.o
LOAD ..\obj\tm_stm32f4_gpio.o
LOAD ..\obj\stm32f4_discovery_lis302dl.o
LOAD ..\obj\stm32f4xx_rtc.o
LOAD ..\obj\usbd_ioreq.o
LOAD ..\obj\stm32f4xx_cryp_tdes.o
LOAD ..\obj\stm32f4xx_tim.o
LOAD ..\obj\stm32f4xx_dbgmcu.o
START GROUP
LOAD c:/program files (x86)/gnu tools arm embedded/5.2 2015q4/bin/../lib/gcc/arm-none-eabi/5.2.1/armv7e-m\libgcc.a
LOAD c:/program files (x86)/gnu tools arm embedded/5.2 2015q4/bin/../lib/gcc/arm-none-eabi/5.2.1/../../../../arm-none-eabi/lib/armv7e-m\libg.a
LOAD c:/program files (x86)/gnu tools arm embedded/5.2 2015q4/bin/../lib/gcc/arm-none-eabi/5.2.1/../../../../arm-none-eabi/lib/armv7e-m\libc.a
END GROUP
OUTPUT(stm32f429_project.elf elf32-littlearm)

.debug_info     0x00000000    0x103e6
 .debug_info    0x00000000     0x2490 ..\obj\usb_core.o
 .debug_info    0x00002490     0x1017 ..\obj\tm_stm32f4_usb_hid_device.o
 .debug_info    0x000034a7      0xbb5 ..\obj\usbd_usr.o
 .debug_info    0x0000405c      0x348 ..\obj\tm_stm32f4_disco.o
 .debug_info    0x000043a4       0xed ..\obj\startup_stm32f4xx.o
 .debug_info    0x00004491      0xcf0 ..\obj\usbd_hid_core.o
 .debug_info    0x00005181     0x103f ..\obj\usbd_core.o
 .debug_info    0x000061c0      0x376 ..\obj\main.o
 .debug_info    0x00006536      0xe1d ..\obj\stm32f4xx_rcc.o
 .debug_info    0x00007353      0x749 ..\obj\tm_stm32f4_delay.o
 .debug_info    0x00007a9c      0x363 ..\obj\usbd_desc.o
 .debug_info    0x00007dff      0x61d ..\obj\stm32f4xx_gpio.o
 .debug_info    0x0000841c      0x5bd ..\obj\system_stm32f4xx.o
 .debug_info    0x000089d9     0x1277 ..\obj\usb_bsp.o
 .debug_info    0x00009c50      0xfe0 ..\obj\usbd_req.o
 .debug_info    0x0000ac30     0x1ef2 ..\obj\usb_dcd_int.o
 .debug_info    0x0000cb22      0xb29 ..\obj\stm32f4xx_spi.o
 .debug_info    0x0000d64b      0x348 ..\obj\stm32f4xx_exti.o
 .debug_info    0x0000d993      0x541 ..\obj\misc.o
 .debug_info    0x0000ded4     0x1044 ..\obj\usb_dcd.o
 .debug_info    0x0000ef18      0x7f2 ..\obj\stm32f4_discovery_lis302dl.o
 .debug_info    0x0000f70a      0xcdc ..\obj\usbd_ioreq.o

.debug_abbrev   0x00000000     0x26f4
 .debug_abbrev  0x00000000      0x2eb ..\obj\usb_core.o
 .debug_abbrev  0x000002eb      0x22e ..\obj\tm_stm32f4_usb_hid_device.o
 .debug_abbrev  0x00000519      0x19e ..\obj\usbd_usr.o
 .debug_abbrev  0x000006b7      0x12e ..\obj\tm_stm32f4_disco.o
 .debug_abbrev  0x000007e5       0xb0 ..\obj\startup_stm32f4xx.o
 .debug_abbrev  0x00000895      0x1f8 ..\obj\usbd_hid_core.o
 .debug_abbrev  0x00000a8d      0x277 ..\obj\usbd_core.o
 .debug_abbrev  0x00000d04      0x130 ..\obj\main.o
 .debug_abbrev  0x00000e34      0x1bc ..\obj\stm32f4xx_rcc.o
 .debug_abbrev  0x00000ff0      0x188 ..\obj\tm_stm32f4_delay.o
 .debug_abbrev  0x00001178      0x12c ..\obj\usbd_desc.o
 .debug_abbrev  0x000012a4      0x1a7 ..\obj\stm32f4xx_gpio.o
 .debug_abbrev  0x0000144b      0x138 ..\obj\system_stm32f4xx.o
 .debug_abbrev  0x00001583      0x232 ..\obj\usb_bsp.o
 .debug_abbrev  0x000017b5      0x2a6 ..\obj\usbd_req.o
 .debug_abbrev  0x00001a5b      0x25d ..\obj\usb_dcd_int.o
 .debug_abbrev  0x00001cb8      0x169 ..\obj\stm32f4xx_spi.o
 .debug_abbrev  0x00001e21      0x1a9 ..\obj\stm32f4xx_exti.o
 .debug_abbrev  0x00001fca      0x147 ..\obj\misc.o
 .debug_abbrev  0x00002111      0x25b ..\obj\usb_dcd.o
 .debug_abbrev  0x0000236c      0x1d7 ..\obj\stm32f4_discovery_lis302dl.o
 .debug_abbrev  0x00002543      0x1b1 ..\obj\usbd_ioreq.o

.debug_aranges  0x00000000      0xa98
 .debug_aranges
                0x00000000      0x138 ..\obj\usb_core.o
 .debug_aranges
                0x00000138       0x78 ..\obj\tm_stm32f4_usb_hid_device.o
 .debug_aranges
                0x000001b0       0x50 ..\obj\usbd_usr.o
 .debug_aranges
                0x00000200       0x38 ..\obj\tm_stm32f4_disco.o
 .debug_aranges
                0x00000238       0x28 ..\obj\startup_stm32f4xx.o
 .debug_aranges
                0x00000260       0x48 ..\obj\usbd_hid_core.o
 .debug_aranges
                0x000002a8       0x98 ..\obj\usbd_core.o
 .debug_aranges
                0x00000340       0x28 ..\obj\main.o
 .debug_aranges
                0x00000368      0x1b8 ..\obj\stm32f4xx_rcc.o
 .debug_aranges
                0x00000520       0x48 ..\obj\tm_stm32f4_delay.o
 .debug_aranges
                0x00000568       0x50 ..\obj\usbd_desc.o
 .debug_aranges
                0x000005b8       0x88 ..\obj\stm32f4xx_gpio.o
 .debug_aranges
                0x00000640       0x30 ..\obj\system_stm32f4xx.o
 .debug_aranges
                0x00000670       0x48 ..\obj\usb_bsp.o
 .debug_aranges
                0x000006b8       0x88 ..\obj\usbd_req.o
 .debug_aranges
                0x00000740       0x90 ..\obj\usb_dcd_int.o
 .debug_aranges
                0x000007d0       0xe0 ..\obj\stm32f4xx_spi.o
 .debug_aranges
                0x000008b0       0x58 ..\obj\stm32f4xx_exti.o
 .debug_aranges
                0x00000908       0x40 ..\obj\misc.o
 .debug_aranges
                0x00000948       0x80 ..\obj\usb_dcd.o
 .debug_aranges
                0x000009c8       0x80 ..\obj\stm32f4_discovery_lis302dl.o
 .debug_aranges
                0x00000a48       0x50 ..\obj\usbd_ioreq.o

.debug_ranges   0x00000000      0x938
 .debug_ranges  0x00000000      0x128 ..\obj\usb_core.o
 .debug_ranges  0x00000128       0x68 ..\obj\tm_stm32f4_usb_hid_device.o
 .debug_ranges  0x00000190       0x40 ..\obj\usbd_usr.o
 .debug_ranges  0x000001d0       0x28 ..\obj\tm_stm32f4_disco.o
 .debug_ranges  0x000001f8       0x18 ..\obj\startup_stm32f4xx.o
 .debug_ranges  0x00000210       0x38 ..\obj\usbd_hid_core.o
 .debug_ranges  0x00000248       0x88 ..\obj\usbd_core.o
 .debug_ranges  0x000002d0       0x18 ..\obj\main.o
 .debug_ranges  0x000002e8      0x1a8 ..\obj\stm32f4xx_rcc.o
 .debug_ranges  0x00000490       0x38 ..\obj\tm_stm32f4_delay.o
 .debug_ranges  0x000004c8       0x40 ..\obj\usbd_desc.o
 .debug_ranges  0x00000508       0x78 ..\obj\stm32f4xx_gpio.o
 .debug_ranges  0x00000580       0x20 ..\obj\system_stm32f4xx.o
 .debug_ranges  0x000005a0       0x38 ..\obj\usb_bsp.o
 .debug_ranges  0x000005d8       0x78 ..\obj\usbd_req.o
 .debug_ranges  0x00000650       0x80 ..\obj\usb_dcd_int.o
 .debug_ranges  0x000006d0       0xd0 ..\obj\stm32f4xx_spi.o
 .debug_ranges  0x000007a0       0x48 ..\obj\stm32f4xx_exti.o
 .debug_ranges  0x000007e8       0x30 ..\obj\misc.o
 .debug_ranges  0x00000818       0x70 ..\obj\usb_dcd.o
 .debug_ranges  0x00000888       0x70 ..\obj\stm32f4_discovery_lis302dl.o
 .debug_ranges  0x000008f8       0x40 ..\obj\usbd_ioreq.o

.debug_line     0x00000000     0x43b4
 .debug_line    0x00000000      0x6ca ..\obj\usb_core.o
 .debug_line    0x000006ca      0x343 ..\obj\tm_stm32f4_usb_hid_device.o
 .debug_line    0x00000a0d      0x20a ..\obj\usbd_usr.o
 .debug_line    0x00000c17      0x24c ..\obj\tm_stm32f4_disco.o
 .debug_line    0x00000e63       0x9d ..\obj\startup_stm32f4xx.o
 .debug_line    0x00000f00      0x213 ..\obj\usbd_hid_core.o
 .debug_line    0x00001113      0x340 ..\obj\usbd_core.o
 .debug_line    0x00001453      0x245 ..\obj\main.o
 .debug_line    0x00001698      0x65c ..\obj\stm32f4xx_rcc.o
 .debug_line    0x00001cf4      0x250 ..\obj\tm_stm32f4_delay.o
 .debug_line    0x00001f44      0x1fd ..\obj\usbd_desc.o
 .debug_line    0x00002141      0x380 ..\obj\stm32f4xx_gpio.o
 .debug_line    0x000024c1      0x1fa ..\obj\system_stm32f4xx.o
 .debug_line    0x000026bb      0x2cf ..\obj\usb_bsp.o
 .debug_line    0x0000298a      0x3e5 ..\obj\usbd_req.o
 .debug_line    0x00002d6f      0x3d1 ..\obj\usb_dcd_int.o
 .debug_line    0x00003140      0x480 ..\obj\stm32f4xx_spi.o
 .debug_line    0x000035c0      0x2a8 ..\obj\stm32f4xx_exti.o
 .debug_line    0x00003868      0x24e ..\obj\misc.o
 .debug_line    0x00003ab6      0x329 ..\obj\usb_dcd.o
 .debug_line    0x00003ddf      0x3c2 ..\obj\stm32f4_discovery_lis302dl.o
 .debug_line    0x000041a1      0x213 ..\obj\usbd_ioreq.o

.debug_str      0x00000000     0x4349
 .debug_str     0x00000000     0x1347 ..\obj\usb_core.o
                               0x1671 (size before relaxing)
 .debug_str     0x00001347      0x545 ..\obj\tm_stm32f4_usb_hid_device.o
                                0xe5d (size before relaxing)
 .debug_str     0x0000188c       0xd1 ..\obj\usbd_usr.o
                                0xaa8 (size before relaxing)
 .debug_str     0x0000195d      0x25d ..\obj\tm_stm32f4_disco.o
                                0x3bf (size before relaxing)
 .debug_str     0x00001bba       0xac ..\obj\startup_stm32f4xx.o
                                0x143 (size before relaxing)
 .debug_str     0x00001c66      0x123 ..\obj\usbd_hid_core.o
                                0xa15 (size before relaxing)
 .debug_str     0x00001d89      0x183 ..\obj\usbd_core.o
                                0xbb0 (size before relaxing)
 .debug_str     0x00001f0c       0xd6 ..\obj\main.o
                                0x3f6 (size before relaxing)
 .debug_str     0x00001fe2      0x7ee ..\obj\stm32f4xx_rcc.o
                                0x999 (size before relaxing)
 .debug_str     0x000027d0      0x6e0 ..\obj\tm_stm32f4_delay.o
                                0x890 (size before relaxing)
 .debug_str     0x00002eb0      0x148 ..\obj\usbd_desc.o
                                0x377 (size before relaxing)
 .debug_str     0x00002ff8      0x17d ..\obj\stm32f4xx_gpio.o
                                0x49c (size before relaxing)
 .debug_str     0x00003175       0xb7 ..\obj\system_stm32f4xx.o
                                0x3c0 (size before relaxing)
 .debug_str     0x0000322c      0x231 ..\obj\usb_bsp.o
                               0x1282 (size before relaxing)
 .debug_str     0x0000345d      0x154 ..\obj\usbd_req.o
                                0xb15 (size before relaxing)
 .debug_str     0x000035b1      0x34c ..\obj\usb_dcd_int.o
                               0x13c1 (size before relaxing)
 .debug_str     0x000038fd      0x3c3 ..\obj\stm32f4xx_spi.o
                                0x699 (size before relaxing)
 .debug_str     0x00003cc0       0xfc ..\obj\stm32f4xx_exti.o
                                0x348 (size before relaxing)
 .debug_str     0x00003dbc      0x10f ..\obj\misc.o
                                0x3ca (size before relaxing)
 .debug_str     0x00003ecb       0xff ..\obj\usb_dcd.o
                                0xb39 (size before relaxing)
 .debug_str     0x00003fca      0x2c6 ..\obj\stm32f4_discovery_lis302dl.o
                                0x766 (size before relaxing)
 .debug_str     0x00004290       0xb9 ..\obj\usbd_ioreq.o
                                0x9c5 (size before relaxing)

.comment        0x00000000       0x6e
 .comment       0x00000000       0x6e ..\obj\usb_core.o
                                 0x6f (size before relaxing)
 .comment       0x0000006e       0x6f ..\obj\tm_stm32f4_usb_hid_device.o
 .comment       0x0000006e       0x6f ..\obj\usbd_usr.o
 .comment       0x0000006e       0x6f ..\obj\tm_stm32f4_disco.o
 .comment       0x0000006e       0x6f ..\obj\startup_stm32f4xx.o
 .comment       0x0000006e       0x6f ..\obj\usbd_hid_core.o
 .comment       0x0000006e       0x6f ..\obj\usbd_core.o
 .comment       0x0000006e       0x6f ..\obj\main.o
 .comment       0x0000006e       0x6f ..\obj\stm32f4xx_rcc.o
 .comment       0x0000006e       0x6f ..\obj\tm_stm32f4_delay.o
 .comment       0x0000006e       0x6f ..\obj\usbd_desc.o
 .comment       0x0000006e       0x6f ..\obj\stm32f4xx_gpio.o
 .comment       0x0000006e       0x6f ..\obj\system_stm32f4xx.o
 .comment       0x0000006e       0x6f ..\obj\usb_bsp.o
 .comment       0x0000006e       0x6f ..\obj\usbd_req.o
 .comment       0x0000006e       0x6f ..\obj\usb_dcd_int.o
 .comment       0x0000006e       0x6f ..\obj\stm32f4xx_spi.o
 .comment       0x0000006e       0x6f ..\obj\stm32f4xx_exti.o
 .comment       0x0000006e       0x6f ..\obj\misc.o
 .comment       0x0000006e       0x6f ..\obj\usb_dcd.o
 .comment       0x0000006e       0x6f ..\obj\stm32f4_discovery_lis302dl.o
 .comment       0x0000006e       0x6f ..\obj\usbd_ioreq.o

.ARM.attributes
                0x00000000       0x33
 .ARM.attributes
                0x00000000       0x33 ..\obj\usb_core.o
 .ARM.attributes
                0x00000033       0x33 ..\obj\tm_stm32f4_usb_hid_device.o
 .ARM.attributes
                0x00000066       0x33 ..\obj\usbd_usr.o
 .ARM.attributes
                0x00000099       0x33 ..\obj\tm_stm32f4_disco.o
 .ARM.attributes
                0x000000cc       0x33 ..\obj\startup_stm32f4xx.o
 .ARM.attributes
                0x000000ff       0x33 ..\obj\usbd_hid_core.o
 .ARM.attributes
                0x00000132       0x33 ..\obj\usbd_core.o
 .ARM.attributes
                0x00000165       0x33 ..\obj\main.o
 .ARM.attributes
                0x00000198       0x33 ..\obj\stm32f4xx_rcc.o
 .ARM.attributes
                0x000001cb       0x33 ..\obj\tm_stm32f4_delay.o
 .ARM.attributes
                0x000001fe       0x33 ..\obj\usbd_desc.o
 .ARM.attributes
                0x00000231       0x33 ..\obj\stm32f4xx_gpio.o
 .ARM.attributes
                0x00000264       0x33 ..\obj\system_stm32f4xx.o
 .ARM.attributes
                0x00000297       0x33 ..\obj\usb_bsp.o
 .ARM.attributes
                0x000002ca       0x33 ..\obj\usbd_req.o
 .ARM.attributes
                0x000002fd       0x33 ..\obj\usb_dcd_int.o
 .ARM.attributes
                0x00000330       0x33 ..\obj\stm32f4xx_spi.o
 .ARM.attributes
                0x00000363       0x33 ..\obj\stm32f4xx_exti.o
 .ARM.attributes
                0x00000396       0x33 ..\obj\misc.o
 .ARM.attributes
                0x000003c9       0x33 ..\obj\usb_dcd.o
 .ARM.attributes
                0x000003fc       0x33 ..\obj\stm32f4_discovery_lis302dl.o
 .ARM.attributes
                0x0000042f       0x33 ..\obj\usbd_ioreq.o

.debug_frame    0x00000000     0x2974
 .debug_frame   0x00000000      0x584 ..\obj\usb_core.o
 .debug_frame   0x00000584      0x1c8 ..\obj\tm_stm32f4_usb_hid_device.o
 .debug_frame   0x0000074c       0xf8 ..\obj\usbd_usr.o
 .debug_frame   0x00000844       0x98 ..\obj\tm_stm32f4_disco.o
 .debug_frame   0x000008dc       0x4c ..\obj\startup_stm32f4xx.o
 .debug_frame   0x00000928       0xec ..\obj\usbd_hid_core.o
 .debug_frame   0x00000a14      0x258 ..\obj\usbd_core.o
 .debug_frame   0x00000c6c       0x54 ..\obj\main.o
 .debug_frame   0x00000cc0      0x814 ..\obj\stm32f4xx_rcc.o
 .debug_frame   0x000014d4       0xd4 ..\obj\tm_stm32f4_delay.o
 .debug_frame   0x000015a8      0x114 ..\obj\usbd_desc.o
 .debug_frame   0x000016bc      0x23c ..\obj\stm32f4xx_gpio.o
 .debug_frame   0x000018f8       0x7c ..\obj\system_stm32f4xx.o
 .debug_frame   0x00001974       0xdc ..\obj\usb_bsp.o
 .debug_frame   0x00001a50      0x210 ..\obj\usbd_req.o
 .debug_frame   0x00001c60      0x230 ..\obj\usb_dcd_int.o
 .debug_frame   0x00001e90      0x3f4 ..\obj\stm32f4xx_spi.o
 .debug_frame   0x00002284      0x148 ..\obj\stm32f4xx_exti.o
 .debug_frame   0x000023cc       0xd8 ..\obj\misc.o
 .debug_frame   0x000024a4      0x1e8 ..\obj\usb_dcd.o
 .debug_frame   0x0000268c      0x1d8 ..\obj\stm32f4_discovery_lis302dl.o
 .debug_frame   0x00002864      0x110 ..\obj\usbd_ioreq.o
